// Jest Snapshot v1, https://goo.gl/fbAQLP

exports[`MonthlyDayOfWeekSelect should render the component 1`] = `
<div>
  <div
    className="container"
  >
    <div
      className="order"
    >
      1st
    </div>
    <div
      className="selector"
    >
      <div
        className="container"
      >
        <div
          className="checkboxWrapper"
        >
          <input
            aria-checked={false}
            checked={false}
            disabled={false}
            id="weekly-select-00"
            onChange={[Function]}
            type="checkbox"
            value={0}
          />
          <label
            className="dayCheckbox"
            htmlFor="weekly-select-00"
          >
            S
          </label>
        </div>
        <div
          className="checkboxWrapper"
        >
          <input
            aria-checked={false}
            checked={false}
            disabled={false}
            id="weekly-select-10"
            onChange={[Function]}
            type="checkbox"
            value={1}
          />
          <label
            className="dayCheckbox"
            htmlFor="weekly-select-10"
          >
            M
          </label>
        </div>
        <div
          className="checkboxWrapper"
        >
          <input
            aria-checked={false}
            checked={false}
            disabled={false}
            id="weekly-select-20"
            onChange={[Function]}
            type="checkbox"
            value={2}
          />
          <label
            className="dayCheckbox"
            htmlFor="weekly-select-20"
          >
            T
          </label>
        </div>
        <div
          className="checkboxWrapper"
        >
          <input
            aria-checked={false}
            checked={false}
            disabled={false}
            id="weekly-select-30"
            onChange={[Function]}
            type="checkbox"
            value={3}
          />
          <label
            className="dayCheckbox"
            htmlFor="weekly-select-30"
          >
            W
          </label>
        </div>
        <div
          className="checkboxWrapper"
        >
          <input
            aria-checked={false}
            checked={false}
            disabled={false}
            id="weekly-select-40"
            onChange={[Function]}
            type="checkbox"
            value={4}
          />
          <label
            className="dayCheckbox"
            htmlFor="weekly-select-40"
          >
            T
          </label>
        </div>
        <div
          className="checkboxWrapper"
        >
          <input
            aria-checked={false}
            checked={false}
            disabled={false}
            id="weekly-select-50"
            onChange={[Function]}
            type="checkbox"
            value={5}
          />
          <label
            className="dayCheckbox"
            htmlFor="weekly-select-50"
          >
            F
          </label>
        </div>
        <div
          className="checkboxWrapper"
        >
          <input
            aria-checked={false}
            checked={false}
            disabled={false}
            id="weekly-select-60"
            onChange={[Function]}
            type="checkbox"
            value={6}
          />
          <label
            className="dayCheckbox"
            htmlFor="weekly-select-60"
          >
            S
          </label>
        </div>
      </div>
    </div>
  </div>
  <div
    className="container"
  >
    <div
      className="order"
    >
      2nd
    </div>
    <div
      className="selector"
    >
      <div
        className="container"
      >
        <div
          className="checkboxWrapper"
        >
          <input
            aria-checked={false}
            checked={false}
            disabled={false}
            id="weekly-select-01"
            onChange={[Function]}
            type="checkbox"
            value={0}
          />
          <label
            className="dayCheckbox"
            htmlFor="weekly-select-01"
          >
            S
          </label>
        </div>
        <div
          className="checkboxWrapper"
        >
          <input
            aria-checked={false}
            checked={false}
            disabled={false}
            id="weekly-select-11"
            onChange={[Function]}
            type="checkbox"
            value={1}
          />
          <label
            className="dayCheckbox"
            htmlFor="weekly-select-11"
          >
            M
          </label>
        </div>
        <div
          className="checkboxWrapper"
        >
          <input
            aria-checked={false}
            checked={false}
            disabled={false}
            id="weekly-select-21"
            onChange={[Function]}
            type="checkbox"
            value={2}
          />
          <label
            className="dayCheckbox"
            htmlFor="weekly-select-21"
          >
            T
          </label>
        </div>
        <div
          className="checkboxWrapper"
        >
          <input
            aria-checked={false}
            checked={false}
            disabled={false}
            id="weekly-select-31"
            onChange={[Function]}
            type="checkbox"
            value={3}
          />
          <label
            className="dayCheckbox"
            htmlFor="weekly-select-31"
          >
            W
          </label>
        </div>
        <div
          className="checkboxWrapper"
        >
          <input
            aria-checked={false}
            checked={false}
            disabled={false}
            id="weekly-select-41"
            onChange={[Function]}
            type="checkbox"
            value={4}
          />
          <label
            className="dayCheckbox"
            htmlFor="weekly-select-41"
          >
            T
          </label>
        </div>
        <div
          className="checkboxWrapper"
        >
          <input
            aria-checked={false}
            checked={false}
            disabled={false}
            id="weekly-select-51"
            onChange={[Function]}
            type="checkbox"
            value={5}
          />
          <label
            className="dayCheckbox"
            htmlFor="weekly-select-51"
          >
            F
          </label>
        </div>
        <div
          className="checkboxWrapper"
        >
          <input
            aria-checked={false}
            checked={false}
            disabled={false}
            id="weekly-select-61"
            onChange={[Function]}
            type="checkbox"
            value={6}
          />
          <label
            className="dayCheckbox"
            htmlFor="weekly-select-61"
          >
            S
          </label>
        </div>
      </div>
    </div>
  </div>
  <div
    className="container"
  >
    <div
      className="order"
    >
      3rd
    </div>
    <div
      className="selector"
    >
      <div
        className="container"
      >
        <div
          className="checkboxWrapper"
        >
          <input
            aria-checked={false}
            checked={false}
            disabled={false}
            id="weekly-select-02"
            onChange={[Function]}
            type="checkbox"
            value={0}
          />
          <label
            className="dayCheckbox"
            htmlFor="weekly-select-02"
          >
            S
          </label>
        </div>
        <div
          className="checkboxWrapper"
        >
          <input
            aria-checked={false}
            checked={false}
            disabled={false}
            id="weekly-select-12"
            onChange={[Function]}
            type="checkbox"
            value={1}
          />
          <label
            className="dayCheckbox"
            htmlFor="weekly-select-12"
          >
            M
          </label>
        </div>
        <div
          className="checkboxWrapper"
        >
          <input
            aria-checked={false}
            checked={false}
            disabled={false}
            id="weekly-select-22"
            onChange={[Function]}
            type="checkbox"
            value={2}
          />
          <label
            className="dayCheckbox"
            htmlFor="weekly-select-22"
          >
            T
          </label>
        </div>
        <div
          className="checkboxWrapper"
        >
          <input
            aria-checked={false}
            checked={false}
            disabled={false}
            id="weekly-select-32"
            onChange={[Function]}
            type="checkbox"
            value={3}
          />
          <label
            className="dayCheckbox"
            htmlFor="weekly-select-32"
          >
            W
          </label>
        </div>
        <div
          className="checkboxWrapper"
        >
          <input
            aria-checked={false}
            checked={false}
            disabled={false}
            id="weekly-select-42"
            onChange={[Function]}
            type="checkbox"
            value={4}
          />
          <label
            className="dayCheckbox"
            htmlFor="weekly-select-42"
          >
            T
          </label>
        </div>
        <div
          className="checkboxWrapper"
        >
          <input
            aria-checked={false}
            checked={false}
            disabled={false}
            id="weekly-select-52"
            onChange={[Function]}
            type="checkbox"
            value={5}
          />
          <label
            className="dayCheckbox"
            htmlFor="weekly-select-52"
          >
            F
          </label>
        </div>
        <div
          className="checkboxWrapper"
        >
          <input
            aria-checked={false}
            checked={false}
            disabled={false}
            id="weekly-select-62"
            onChange={[Function]}
            type="checkbox"
            value={6}
          />
          <label
            className="dayCheckbox"
            htmlFor="weekly-select-62"
          >
            S
          </label>
        </div>
      </div>
    </div>
  </div>
  <div
    className="container"
  >
    <div
      className="order"
    >
      4th
    </div>
    <div
      className="selector"
    >
      <div
        className="container"
      >
        <div
          className="checkboxWrapper"
        >
          <input
            aria-checked={false}
            checked={false}
            disabled={false}
            id="weekly-select-03"
            onChange={[Function]}
            type="checkbox"
            value={0}
          />
          <label
            className="dayCheckbox"
            htmlFor="weekly-select-03"
          >
            S
          </label>
        </div>
        <div
          className="checkboxWrapper"
        >
          <input
            aria-checked={false}
            checked={false}
            disabled={false}
            id="weekly-select-13"
            onChange={[Function]}
            type="checkbox"
            value={1}
          />
          <label
            className="dayCheckbox"
            htmlFor="weekly-select-13"
          >
            M
          </label>
        </div>
        <div
          className="checkboxWrapper"
        >
          <input
            aria-checked={false}
            checked={false}
            disabled={false}
            id="weekly-select-23"
            onChange={[Function]}
            type="checkbox"
            value={2}
          />
          <label
            className="dayCheckbox"
            htmlFor="weekly-select-23"
          >
            T
          </label>
        </div>
        <div
          className="checkboxWrapper"
        >
          <input
            aria-checked={false}
            checked={false}
            disabled={false}
            id="weekly-select-33"
            onChange={[Function]}
            type="checkbox"
            value={3}
          />
          <label
            className="dayCheckbox"
            htmlFor="weekly-select-33"
          >
            W
          </label>
        </div>
        <div
          className="checkboxWrapper"
        >
          <input
            aria-checked={false}
            checked={false}
            disabled={false}
            id="weekly-select-43"
            onChange={[Function]}
            type="checkbox"
            value={4}
          />
          <label
            className="dayCheckbox"
            htmlFor="weekly-select-43"
          >
            T
          </label>
        </div>
        <div
          className="checkboxWrapper"
        >
          <input
            aria-checked={false}
            checked={false}
            disabled={false}
            id="weekly-select-53"
            onChange={[Function]}
            type="checkbox"
            value={5}
          />
          <label
            className="dayCheckbox"
            htmlFor="weekly-select-53"
          >
            F
          </label>
        </div>
        <div
          className="checkboxWrapper"
        >
          <input
            aria-checked={false}
            checked={false}
            disabled={false}
            id="weekly-select-63"
            onChange={[Function]}
            type="checkbox"
            value={6}
          />
          <label
            className="dayCheckbox"
            htmlFor="weekly-select-63"
          >
            S
          </label>
        </div>
      </div>
    </div>
  </div>
</div>
`;
