// Jest Snapshot v1, https://goo.gl/fbAQLP

exports[`TextList when the bulletItems is provided displays the text list 1`] = `
<View
  style={
    {
      "flexDirection": "column",
      "width": "100%",
    }
  }
>
  <View
    style={
      [
        {},
        {
          "padding": 0,
        },
        undefined,
      ]
    }
  >
    <View
      style={
        [
          {},
          undefined,
        ]
      }
    >
      <View
        style={
          {
            "flexDirection": "row",
            "paddingLeft": 8,
          }
        }
      >
        <Text
          accessibilityRole="text"
          adjustsFontSizeToFit={false}
          allowFontScaling={true}
          collapsable={false}
          maxFontSizeMultiplier={3.125}
          selectable={true}
          selectionColor="hsl(86, 100%, 46%)"
          style={
            [
              {
                "fontFamily": "inter-regular",
              },
              {
                "color": "hsl(198, 35%, 21%)",
              },
              {
                "textAlign": "left",
              },
              {
                "fontSize": 16,
                "lineHeight": 20,
              },
              {
                "letterSpacing": 0,
              },
            ]
          }
        >
          •
        </Text>
        <View
          style={
            {
              "flex": 1,
              "paddingLeft": 8,
            }
          }
        >
          <Text
            accessibilityRole="text"
            adjustsFontSizeToFit={false}
            allowFontScaling={true}
            collapsable={false}
            maxFontSizeMultiplier={3.125}
            selectable={true}
            selectionColor="hsl(86, 100%, 46%)"
            style={
              [
                {
                  "fontFamily": "inter-regular",
                },
                {
                  "color": "hsl(198, 35%, 21%)",
                },
                {
                  "textAlign": "left",
                },
                {
                  "fontSize": 16,
                  "lineHeight": 20,
                },
                {
                  "letterSpacing": 0,
                },
              ]
            }
          >
            this is list item uno
          </Text>
        </View>
      </View>
    </View>
    <View
      style={
        [
          {},
          {
            "padding": 0,
          },
          undefined,
        ]
      }
    >
      <View
        style={
          {
            "flexDirection": "row",
            "paddingLeft": 8,
          }
        }
      >
        <Text
          accessibilityRole="text"
          adjustsFontSizeToFit={false}
          allowFontScaling={true}
          collapsable={false}
          maxFontSizeMultiplier={3.125}
          selectable={true}
          selectionColor="hsl(86, 100%, 46%)"
          style={
            [
              {
                "fontFamily": "inter-regular",
              },
              {
                "color": "hsl(198, 35%, 21%)",
              },
              {
                "textAlign": "left",
              },
              {
                "fontSize": 16,
                "lineHeight": 20,
              },
              {
                "letterSpacing": 0,
              },
            ]
          }
        >
          •
        </Text>
        <View
          style={
            {
              "flex": 1,
              "paddingLeft": 8,
            }
          }
        >
          <Text
            accessibilityRole="text"
            adjustsFontSizeToFit={false}
            allowFontScaling={true}
            collapsable={false}
            maxFontSizeMultiplier={3.125}
            selectable={true}
            selectionColor="hsl(86, 100%, 46%)"
            style={
              [
                {
                  "fontFamily": "inter-regular",
                },
                {
                  "color": "hsl(198, 35%, 21%)",
                },
                {
                  "textAlign": "left",
                },
                {
                  "fontSize": 16,
                  "lineHeight": 20,
                },
                {
                  "letterSpacing": 0,
                },
              ]
            }
          >
            this is list item dos
          </Text>
        </View>
      </View>
    </View>
  </View>
</View>
`;

exports[`TextList when the bulletItems is provided displays will not display a bulleted list 1`] = `null`;
