// Jest Snapshot v1, https://goo.gl/fbAQLP

exports[`renders an external link card 1`] = `
<a
  className="card clickable"
  href="https://frend.space"
  target="_blank"
>
  <p>
    This is a link card.
  </p>
</a>
`;
