// Jest Snapshot v1, https://goo.gl/fbAQLP

exports[`RecurringSelect should render the recurring select component 1`] = `
<div
  className="_1TB2WRsjEoAUFq0FMfwdQ3 _3XB3f5356G3URhbYQmxO0U"
>
  <div
    className="container"
  >
    <span
      className="intervalText"
    >
      Every
    </span>
    <div
      className="fullWidthWrapper"
    >
      <div
        className="_3kywSyvvwSdmNSTOqX-AQA _26qQBed5Rzu9i2ZIDEaESr"
      >
        <div
          className="_2bOj_Hpd2VvA3mi9t4RcZO _1tABQjw4-IkgUE3cbBzs7r"
          style={
            Object {
              "--formField-maxLength": 3,
            }
          }
        >
          <div
            className="_1WnxEaBZY0zLsD8oKwh20b"
          >
            <label
              className="ktPFw5_r1v4MB-Ts5rPTG"
              htmlFor="123e4567-e89b-12d3-a456-426655440001"
            />
            <input
              className="_3koQsrzZZXPVxXmmESjSG_"
              disabled={false}
              id="123e4567-e89b-12d3-a456-426655440001"
              maxLength={3}
              min={1}
              name="schedule-recurrence-interval"
              onBlur={[Function]}
              onChange={[Function]}
              onFocus={[Function]}
              onKeyDown={[Function]}
              type="number"
              value={1}
            />
          </div>
        </div>
        <div
          className="_2bOj_Hpd2VvA3mi9t4RcZO Ntcl388Qhhu4uLJc2d1Ll"
          style={
            Object {
              "--formField-maxLength": undefined,
            }
          }
        >
          <div
            className="_1WnxEaBZY0zLsD8oKwh20b"
          >
            <label
              className="ktPFw5_r1v4MB-Ts5rPTG"
              htmlFor="123e4567-e89b-12d3-a456-426655440003"
            />
            <select
              className="_3koQsrzZZXPVxXmmESjSG_"
              disabled={false}
              id="123e4567-e89b-12d3-a456-426655440003"
              name="schedule-recurrence-type"
              onChange={[Function]}
              value="Day"
            >
              <option
                value="Day"
              >
                Day(s)
              </option>
              <option
                value="Week"
              >
                Week(s)
              </option>
              <option
                value="DayOfMonth"
              >
                Month(s)
              </option>
              <option
                value="Year"
              >
                Year(s)
              </option>
            </select>
            <span
              className="_1yJbSG5N0hfPjPkrih4Q99"
            >
              <svg
                className="ZDlJU6tECg7ouG-b27gya _3ctOeOMP7zLhU37n25xoZC"
                data-testid="arrowDown"
                viewBox="0 0 1024 1024"
                xmlns="http://www.w3.org/2000/svg"
              >
                <path
                  className=""
                  d="M328.677 353.767c-8.333-8.309-19.249-12.453-30.16-12.433-10.876 0.019-21.745 4.175-30.042 12.466s-12.456 19.153-12.475 30.021c-0.019 10.918 4.139 21.842 12.475 30.172l213.334 213.51c8.337 8.333 19.264 12.497 30.191 12.497s21.854-4.164 30.191-12.497l213.333-213.33c8.337-8.33 12.497-19.254 12.476-30.172-0.021-10.868-4.177-21.729-12.476-30.021-8.294-8.291-19.166-12.447-30.042-12.466-10.91-0.019-21.828 4.125-30.161 12.433l-183.322 182.979-183.323-183.159z"
                />
              </svg>
            </span>
          </div>
        </div>
      </div>
    </div>
  </div>
</div>
`;
