// Jest Snapshot v1, https://goo.gl/fbAQLP

exports[`renders a Toast 1`] = `null`;
