// Jest Snapshot v1, https://goo.gl/fbAQLP

exports[`WeeklySelect should render the component 1`] = `
<div
  className="container"
>
  <div
    className="checkboxWrapper"
  >
    <input
      aria-checked={false}
      checked={false}
      className="dayCheckboxInput"
      disabled={false}
      id="weekly-select-0"
      onChange={[Function]}
      type="checkbox"
      value={0}
    />
    <label
      className="dayCheckbox"
      htmlFor="weekly-select-0"
    >
      S
    </label>
  </div>
  <div
    className="checkboxWrapper"
  >
    <input
      aria-checked={false}
      checked={false}
      className="dayCheckboxInput"
      disabled={false}
      id="weekly-select-1"
      onChange={[Function]}
      type="checkbox"
      value={1}
    />
    <label
      className="dayCheckbox"
      htmlFor="weekly-select-1"
    >
      M
    </label>
  </div>
  <div
    className="checkboxWrapper"
  >
    <input
      aria-checked={false}
      checked={false}
      className="dayCheckboxInput"
      disabled={false}
      id="weekly-select-2"
      onChange={[Function]}
      type="checkbox"
      value={2}
    />
    <label
      className="dayCheckbox"
      htmlFor="weekly-select-2"
    >
      T
    </label>
  </div>
  <div
    className="checkboxWrapper"
  >
    <input
      aria-checked={false}
      checked={false}
      className="dayCheckboxInput"
      disabled={false}
      id="weekly-select-3"
      onChange={[Function]}
      type="checkbox"
      value={3}
    />
    <label
      className="dayCheckbox"
      htmlFor="weekly-select-3"
    >
      W
    </label>
  </div>
  <div
    className="checkboxWrapper"
  >
    <input
      aria-checked={false}
      checked={false}
      className="dayCheckboxInput"
      disabled={false}
      id="weekly-select-4"
      onChange={[Function]}
      type="checkbox"
      value={4}
    />
    <label
      className="dayCheckbox"
      htmlFor="weekly-select-4"
    >
      T
    </label>
  </div>
  <div
    className="checkboxWrapper"
  >
    <input
      aria-checked={false}
      checked={false}
      className="dayCheckboxInput"
      disabled={false}
      id="weekly-select-5"
      onChange={[Function]}
      type="checkbox"
      value={5}
    />
    <label
      className="dayCheckbox"
      htmlFor="weekly-select-5"
    >
      F
    </label>
  </div>
  <div
    className="checkboxWrapper"
  >
    <input
      aria-checked={false}
      checked={false}
      className="dayCheckboxInput"
      disabled={false}
      id="weekly-select-6"
      onChange={[Function]}
      type="checkbox"
      value={6}
    />
    <label
      className="dayCheckbox"
      htmlFor="weekly-select-6"
    >
      S
    </label>
  </div>
</div>
`;
