// Jest Snapshot v1, https://goo.gl/fbAQLP

exports[`renders only a button by default 1`] = `
<div>
  <div
    class="react-datepicker-wrapper"
  >
    <div
      class="react-datepicker__input-container"
    >
      <button
        aria-label="Open Datepicker"
        class="button base onlyIcon work primary"
        type="button"
      >
        <svg
          class="ZDlJU6tECg7ouG-b27gya _3ctOeOMP7zLhU37n25xoZC"
          data-testid="calendar"
          viewBox="0 0 1024 1024"
          xmlns="http://www.w3.org/2000/svg"
        >
          <path
            class=""
            d="M640 170.667c0-23.564 19.102-42.667 42.667-42.667s42.667 19.103 42.667 42.667v42.667h85.333c47.13 0 85.333 38.205 85.333 85.333v512c0 47.13-38.204 85.333-85.333 85.333h-597.333c-47.128 0-85.333-38.204-85.333-85.333v-512c0-47.128 38.205-85.333 85.333-85.333h85.333v-42.667c0-23.564 19.103-42.667 42.667-42.667s42.667 19.103 42.667 42.667v42.667h256v-42.667zM213.333 298.667v85.333h597.333v-85.333h-597.333zM810.667 469.333h-597.333v341.333h597.333v-341.333z"
          />
        </svg>
        <span
          class="base extraBold small uppercase"
        />
      </button>
    </div>
  </div>
</div>
`;
