// Jest Snapshot v1, https://goo.gl/fbAQLP

exports[`renders a numeric cell 1`] = `
<td
  className="cell right"
>
  <span
    className="numeric"
  >
    13
  </span>
</td>
`;
