// Jest Snapshot v1, https://goo.gl/fbAQLP

exports[`renders 1`] = `
<div
  className="padded base"
>
  <p
    className="base regular base greyBlueDark"
  >
    Add another word or two. Uncommon words are better.
  </p>
  
  <div
    className="wrapper miniLabel"
    style={
      Object {
        "--formField-maxLength": undefined,
      }
    }
  >
    <label
      className="label"
      htmlFor="123e4567-e89b-12d3-a456-426655440001"
    >
      Password
    </label>
    <input
      className="formField"
      id="123e4567-e89b-12d3-a456-426655440001"
      onBlur={[Function]}
      onChange={[Function]}
      onFocus={[Function]}
      type="password"
      value="foo"
    />
  </div>
  <div
    aria-label="Level 0"
    className="strengthGauge level0"
  />
</div>
`;
