// Jest Snapshot v1, https://goo.gl/fbAQLP

exports[`renders Tabs 1`] = `
<div
  className="tabs"
>
  <div
    className="overflow"
  >
    <ul
      className="tabRow"
      role="tablist"
    >
      <li
        role="presentation"
      >
        <button
          className="tab selected"
          id="Eggs"
          onClick={[Function]}
          role="tab"
          type="button"
        >
          <span
            className="base regular base green"
          >
            Eggs
          </span>
        </button>
        <button
          className="tab"
          id="Cheese"
          onClick={[Function]}
          role="tab"
          type="button"
        >
          <span
            className="base regular base heading"
          >
            Cheese
          </span>
        </button>
      </li>
    </ul>
  </div>
  <section
    aria-label="Eggs"
    className="tabContent"
    role="tabpanel"
  >
    <p>
      üç≥
    </p>
    <p>
      Eggs
    </p>
  </section>
</div>
`;
