// Jest Snapshot v1, https://goo.gl/fbAQLP

exports[`renders a ButtonDismiss 1`] = `
<div>
  <button
    aria-label="Close"
    class="button base subtle tertiary buttonChildren"
    type="button"
  >
    <svg
      data-testid="remove"
      style="fill: var(--color-icon); display: inline-block; vertical-align: middle; width: 24px; height: 24px;"
      viewBox="0 0 24 24"
      xmlns="http://www.w3.org/2000/svg"
    >
      <path
        d="M12 10.586 6.707 5.293a1 1 0 0 0-1.414 1.414L10.586 12l-5.293 5.293a1 1 0 0 0 1.414 1.414L12 13.414l5.293 5.293a1 1 0 0 0 1.414-1.414L13.414 12l5.293-5.293a1 1 0 1 0-1.414-1.414L12 10.586Z"
      />
    </svg>
  </button>
</div>
`;
