// Jest Snapshot v1, https://goo.gl/fbAQLP

exports[`renders a FormatTime from CivilDate 1`] = `"2:30 PM"`;

exports[`renders a FormatTime from CivilDate using 12 hour clock 1`] = `"2:30 PM"`;

exports[`renders a FormatTime from CivilDate using 24 hour clock 1`] = `"14:30"`;

exports[`renders a FormatTime from Date 1`] = `"2:30 PM"`;

exports[`renders a FormatTime from Date using 12 hour clock 1`] = `"2:30 PM"`;

exports[`renders a FormatTime from Date using 24 hour clock 1`] = `"14:30"`;

exports[`renders a FormatTime from ISO8601DateString 1`] = `"2:30 PM"`;

exports[`renders a FormatTime from ISO8601DateString using 12 hour clock 1`] = `"2:30 PM"`;

exports[`renders a FormatTime from ISO8601DateString using 24 hour clock 1`] = `"14:30"`;
