// Jest Snapshot v1, https://goo.gl/fbAQLP

exports[`renders a FormatEmail 1`] = `
<address
  className="email"
>
  email@address.me
</address>
`;
