// Jest Snapshot v1, https://goo.gl/fbAQLP

exports[`renders a simple ConfirmationModal 1`] = `
<div
  className="container"
  tabIndex={0}
>
  <div
    className="overlay"
    style={
      Object {
        "opacity": 0,
      }
    }
  />
  <div
    className="modal small"
    style={
      Object {
        "opacity": 0,
        "transform": "scale(0.9) translateZ(0)",
      }
    }
  >
    <div
      className="header"
      data-testid="modal-header"
    >
      <h3
        className="base extraBold large uppercase"
      >
        Should we?
      </h3>
    </div>
    <div
      className="padded base"
    >
      <div
        className="padded base"
      >
        <p
          className="base regular base text"
        >
          Do somethingâ€¦
        </p>
      </div>
    </div>
    <div
      className="actionBar"
    >
      <div
        className="rightAction"
      >
        <button
          className="button base work primary"
          disabled={false}
          onClick={[Function]}
          type="button"
        >
          <span
            className="base extraBold small uppercase"
          >
            We Shall
          </span>
        </button>
        <button
          className="button base cancel secondary"
          disabled={false}
          onClick={[Function]}
          type="button"
        >
          <span
            className="base extraBold small uppercase"
          >
            Cancel
          </span>
        </button>
      </div>
    </div>
  </div>
</div>
`;
