// Jest Snapshot v1, https://goo.gl/fbAQLP

exports[`MonthlySelect should render the component 1`] = `
<div
  className="radioContainer"
>
  <div
    aria-label="Monthly Frequency Selector"
    className="radioGroup"
    role="radiogroup"
  >
    <div>
      <input
        checked={true}
        className="input"
        disabled={false}
        id="DayOfMonth_123e4567-e89b-12d3-a456-426655440002"
        name="123e4567-e89b-12d3-a456-426655440001"
        onChange={[Function]}
        type="radio"
        value="DayOfMonth"
      />
      <label
        className="label"
        htmlFor="DayOfMonth_123e4567-e89b-12d3-a456-426655440002"
      >
        Day of month
      </label>
    </div>
    <div>
      <input
        checked={false}
        className="input"
        disabled={false}
        id="WeekDayOfMonth_123e4567-e89b-12d3-a456-426655440003"
        name="123e4567-e89b-12d3-a456-426655440001"
        onChange={[Function]}
        type="radio"
        value="WeekDayOfMonth"
      />
      <label
        className="label"
        htmlFor="WeekDayOfMonth_123e4567-e89b-12d3-a456-426655440003"
      >
        Day of week
      </label>
    </div>
  </div>
</div>
`;
